feature@org.eclipse.bpel.feature=HEAD,:pserver:anonymous@dev.eclipse.org:/cvsroot/technology,,org.eclipse.bpel/features/org.eclipse.bpel.feature
plugin@org.eclipse.bpel.common.model=HEAD,:pserver:anonymous@dev.eclipse.org:/cvsroot/technology,,org.eclipse.bpel/plugins/org.eclipse.bpel.common.model
plugin@org.eclipse.bpel.common.ui=HEAD,:pserver:anonymous@dev.eclipse.org:/cvsroot/technology,,org.eclipse.bpel/plugins/org.eclipse.bpel.common.ui
plugin@org.eclipse.bpel.model=HEAD,:pserver:anonymous@dev.eclipse.org:/cvsroot/technology,,org.eclipse.bpel/plugins/org.eclipse.bpel.model
plugin@org.eclipse.bpel.ui=HEAD,:pserver:anonymous@dev.eclipse.org:/cvsroot/technology,,org.eclipse.bpel/plugins/org.eclipse.bpel.ui
plugin@org.eclipse.bpel.runtimes=HEAD,:pserver:anonymous@dev.eclipse.org:/cvsroot/technology,,org.eclipse.bpel/plugins/org.eclipse.bpel.runtimes
plugin@org.eclipse.bpel.validator=HEAD,:pserver:anonymous@dev.eclipse.org:/cvsroot/technology,,org.eclipse.bpel/plugins/org.eclipse.bpel.validator
plugin@org.eclipse.bpel.wsil.model=HEAD,:pserver:anonymous@dev.eclipse.org:/cvsroot/technology,,org.eclipse.bpel/plugins/org.eclipse.bpel.wsil.model